// Jest Snapshot v1, https://goo.gl/fbAQLP

exports[`array fields array 1`] = `
<form
  className="rjsf"
  noValidate={false}
  onSubmit={[Function]}
>
  <div
    className="MuiFormControl-root MuiFormControl-fullWidth"
  >
    <div
      className="MuiPaper-root MuiPaper-elevation2 MuiPaper-rounded"
    >
      <div
        className="MuiBox-root MuiBox-root-33"
      >
        <div
          className="MuiGrid-root MuiGrid-container"
        >
          <div
            className="MuiGrid-root MuiGrid-container MuiGrid-justify-xs-flex-end"
          >
            <div
              className="MuiGrid-root MuiGrid-item"
            >
              <div
                className="MuiBox-root MuiBox-root-137"
              >
                <button
                  className="MuiButtonBase-root MuiButton-root MuiButton-text array-item-add MuiButton-textSecondary"
                  disabled={false}
                  onBlur={[Function]}
                  onClick={[Function]}
                  onDragLeave={[Function]}
                  onFocus={[Function]}
                  onKeyDown={[Function]}
                  onKeyUp={[Function]}
                  onMouseDown={[Function]}
                  onMouseLeave={[Function]}
                  onMouseUp={[Function]}
                  onTouchEnd={[Function]}
                  onTouchMove={[Function]}
                  onTouchStart={[Function]}
                  tabIndex={0}
                  type="button"
                >
                  <span
                    className="MuiButton-label"
                  >
                    <svg
                      aria-hidden="true"
                      className="MuiSvgIcon-root"
                      focusable="false"
                      role="presentation"
                      viewBox="0 0 24 24"
                    >
                      <path
                        d="M19 13h-6v6h-2v-6H5v-2h6V5h2v6h6v2z"
                      />
                    </svg>
                     Add Item
                  </span>
                </button>
              </div>
            </div>
          </div>
        </div>
      </div>
    </div>
  </div>
  <div
    className="MuiBox-root MuiBox-root-178"
  >
    <button
      className="MuiButtonBase-root MuiButton-root MuiButton-contained MuiButton-containedPrimary"
      disabled={false}
      onBlur={[Function]}
      onDragLeave={[Function]}
      onFocus={[Function]}
      onKeyDown={[Function]}
      onKeyUp={[Function]}
      onMouseDown={[Function]}
      onMouseLeave={[Function]}
      onMouseUp={[Function]}
      onTouchEnd={[Function]}
      onTouchMove={[Function]}
      onTouchStart={[Function]}
      tabIndex={0}
      type="submit"
    >
      <span
        className="MuiButton-label"
      >
        Submit
      </span>
    </button>
  </div>
</form>
`;

exports[`array fields checkboxes 1`] = `
<form
  className="rjsf"
  noValidate={false}
  onSubmit={[Function]}
>
  <div
    className="MuiFormControl-root MuiFormControl-fullWidth"
  >
    <div
      className="MuiFormControl-root MuiTextField-root"
    >
      <div
        className="MuiInputBase-root MuiInput-root MuiInput-underline MuiInputBase-formControl MuiInput-formControl"
        onClick={[Function]}
      >
        <div
          aria-haspopup="listbox"
          aria-labelledby=" root"
          className="MuiSelect-root MuiSelect-select MuiSelect-selectMenu MuiInputBase-input MuiInput-input MuiInputBase-inputSelect"
          id="root"
          onBlur={[Function]}
          onClick={[Function]}
          onFocus={[Function]}
          onKeyDown={[Function]}
          role="button"
          tabIndex={0}
        >
          <span
            dangerouslySetInnerHTML={
              Object {
                "__html": "&#8203;",
              }
            }
          />
        </div>
        <input
          autoFocus={false}
          onAnimationStart={[Function]}
          type="hidden"
          value=""
        />
        <svg
          aria-hidden="true"
          className="MuiSvgIcon-root MuiSelect-icon"
          focusable="false"
          role="presentation"
          viewBox="0 0 24 24"
        >
          <path
            d="M7 10l5 5 5-5z"
          />
        </svg>
      </div>
    </div>
  </div>
  <div
    className="MuiBox-root MuiBox-root-242"
  >
    <button
      className="MuiButtonBase-root MuiButton-root MuiButton-contained MuiButton-containedPrimary"
      disabled={false}
      onBlur={[Function]}
      onDragLeave={[Function]}
      onFocus={[Function]}
      onKeyDown={[Function]}
      onKeyUp={[Function]}
      onMouseDown={[Function]}
      onMouseLeave={[Function]}
      onMouseUp={[Function]}
      onTouchEnd={[Function]}
      onTouchMove={[Function]}
      onTouchStart={[Function]}
      tabIndex={0}
      type="submit"
    >
      <span
        className="MuiButton-label"
      >
        Submit
      </span>
    </button>
  </div>
</form>
`;

exports[`array fields fixed array 1`] = `
<form
  className="rjsf"
  noValidate={false}
  onSubmit={[Function]}
>
  <div
    className="MuiFormControl-root MuiFormControl-fullWidth"
  >
    <div
      className="MuiPaper-root MuiPaper-elevation2 MuiPaper-rounded"
    >
      <div
        className="MuiBox-root MuiBox-root-179"
      >
        <div
          className="MuiGrid-root MuiGrid-container"
        >
          <div
            className="MuiGrid-root MuiGrid-container MuiGrid-align-items-xs-center"
          >
            <div
              className="MuiGrid-root MuiGrid-item MuiGrid-grid-xs-true"
            >
              <div
                className="MuiBox-root MuiBox-root-180"
              >
                <div
                  className="MuiPaper-root MuiPaper-elevation2 MuiPaper-rounded"
                >
                  <div
                    className="MuiBox-root MuiBox-root-181"
                  >
                    <div
                      className="MuiFormControl-root MuiFormControl-fullWidth"
                    >
                      <div
                        className="MuiFormControl-root MuiTextField-root"
                        registry={
                          Object {
                            "ArrayFieldTemplate": [Function],
                            "FieldTemplate": [Function],
                            "ObjectFieldTemplate": [Function],
                            "definitions": Object {},
                            "fields": Object {
                              "AnyOfField": [Function],
                              "ArrayField": [Function],
                              "BooleanField": [Function],
                              "DescriptionField": [Function],
                              "NullField": [Function],
                              "NumberField": [Function],
                              "ObjectField": [Function],
                              "OneOfField": [Function],
                              "SchemaField": [Function],
                              "StringField": [Function],
                              "TitleField": [Function],
                              "UnsupportedField": [Function],
                            },
                            "formContext": Object {},
                            "rootSchema": Object {
                              "items": Array [
                                Object {
                                  "type": "string",
                                },
                                Object {
                                  "type": "number",
                                },
                              ],
                              "type": "array",
                            },
                            "widgets": Object {
                              "AltDateTimeWidget": [Function],
                              "AltDateWidget": [Function],
                              "BaseInput": [Function],
                              "CheckboxWidget": [Function],
                              "CheckboxesWidget": [Function],
                              "ColorWidget": [Function],
                              "DateTimeWidget": [Function],
                              "DateWidget": [Function],
                              "EmailWidget": [Function],
                              "FileWidget": [Function],
                              "HiddenWidget": [Function],
                              "PasswordWidget": [Function],
                              "RadioWidget": [Function],
                              "RangeWidget": [Function],
                              "SelectWidget": [Function],
                              "TextWidget": [Function],
                              "TextareaWidget": [Function],
                              "URLWidget": [Function],
                              "UpDownWidget": [Function],
                            },
                          }
                        }
                      >
                        <div
                          className="MuiInputBase-root MuiInput-root MuiInput-underline MuiInputBase-formControl MuiInput-formControl"
                          onClick={[Function]}
                        >
                          <input
                            aria-invalid={false}
                            autoFocus={false}
                            className="MuiInputBase-input MuiInput-input"
                            disabled={false}
                            id="root_0"
                            onAnimationStart={[Function]}
                            onBlur={[Function]}
                            onChange={[Function]}
                            onFocus={[Function]}
                            placeholder=""
                            required={true}
                            type="string"
                            value=""
                          />
                        </div>
                      </div>
                    </div>
                  </div>
                </div>
              </div>
            </div>
          </div>
          <div
            className="MuiGrid-root MuiGrid-container MuiGrid-align-items-xs-center"
          >
            <div
              className="MuiGrid-root MuiGrid-item MuiGrid-grid-xs-true"
            >
              <div
                className="MuiBox-root MuiBox-root-215"
              >
                <div
                  className="MuiPaper-root MuiPaper-elevation2 MuiPaper-rounded"
                >
                  <div
                    className="MuiBox-root MuiBox-root-216"
                  >
                    <div
                      className="MuiFormControl-root MuiFormControl-fullWidth"
                    >
                      <div
                        className="MuiFormControl-root MuiTextField-root"
                        registry={
                          Object {
                            "ArrayFieldTemplate": [Function],
                            "FieldTemplate": [Function],
                            "ObjectFieldTemplate": [Function],
                            "definitions": Object {},
                            "fields": Object {
                              "AnyOfField": [Function],
                              "ArrayField": [Function],
                              "BooleanField": [Function],
                              "DescriptionField": [Function],
                              "NullField": [Function],
                              "NumberField": [Function],
                              "ObjectField": [Function],
                              "OneOfField": [Function],
                              "SchemaField": [Function],
                              "StringField": [Function],
                              "TitleField": [Function],
                              "UnsupportedField": [Function],
                            },
                            "formContext": Object {},
                            "rootSchema": Object {
                              "items": Array [
                                Object {
                                  "type": "string",
                                },
                                Object {
                                  "type": "number",
                                },
                              ],
                              "type": "array",
                            },
                            "widgets": Object {
                              "AltDateTimeWidget": [Function],
                              "AltDateWidget": [Function],
                              "BaseInput": [Function],
                              "CheckboxWidget": [Function],
                              "CheckboxesWidget": [Function],
                              "ColorWidget": [Function],
                              "DateTimeWidget": [Function],
                              "DateWidget": [Function],
                              "EmailWidget": [Function],
                              "FileWidget": [Function],
                              "HiddenWidget": [Function],
                              "PasswordWidget": [Function],
                              "RadioWidget": [Function],
                              "RangeWidget": [Function],
                              "SelectWidget": [Function],
                              "TextWidget": [Function],
                              "TextareaWidget": [Function],
                              "URLWidget": [Function],
                              "UpDownWidget": [Function],
                            },
                          }
                        }
                      >
                        <div
                          className="MuiInputBase-root MuiInput-root MuiInput-underline MuiInputBase-formControl MuiInput-formControl"
                          onClick={[Function]}
                        >
                          <input
                            aria-invalid={false}
                            autoFocus={false}
                            className="MuiInputBase-input MuiInput-input"
                            disabled={false}
                            id="root_1"
                            onAnimationStart={[Function]}
                            onBlur={[Function]}
                            onChange={[Function]}
                            onFocus={[Function]}
                            placeholder=""
                            required={true}
                            type="number"
                            value=""
                          />
                        </div>
                      </div>
                    </div>
                  </div>
                </div>
              </div>
            </div>
          </div>
        </div>
      </div>
    </div>
  </div>
  <div
    className="MuiBox-root MuiBox-root-217"
  >
    <button
      className="MuiButtonBase-root MuiButton-root MuiButton-contained MuiButton-containedPrimary"
      disabled={false}
      onBlur={[Function]}
      onDragLeave={[Function]}
      onFocus={[Function]}
      onKeyDown={[Function]}
      onKeyUp={[Function]}
      onMouseDown={[Function]}
      onMouseLeave={[Function]}
      onMouseUp={[Function]}
      onTouchEnd={[Function]}
      onTouchMove={[Function]}
      onTouchStart={[Function]}
      tabIndex={0}
      type="submit"
    >
      <span
        className="MuiButton-label"
      >
        Submit
      </span>
      <span
        className="MuiTouchRipple-root"
      />
    </button>
  </div>
</form>
`;
